AST TurboLaser: AST TurboLaser (PSCRIPT.DRV)
Agfa Matrix ChromaScript v51_8: Agfa Matrix ChromaScript v51_8 (PSCRIPT.DRV)
Agfa-Compugraphic 9400PS v49_3: Agfa-Compugraphic 9400PS v49_3 (PSCRIPT.DRV)
Agfa/Compugraphic 400PS: Agfa/Compugraphic 400PS (PSCRIPT.DRV)
Apple Color LaserWriter 12/600: Apple Color LaserWriter 12/600 (PSCRIPT.DRV)
Apple LaserWriter 16/600 PS: Apple LaserWriter 16/600 PS (PSCRIPT.DRV)
Apple LaserWriter II NT: Apple LaserWriter II NT (PSCRIPT.DRV)
Apple LaserWriter II NTX: Apple LaserWriter II NTX (PSCRIPT.DRV)
Apple LaserWriter Plus v42_2: Apple LaserWriter Plus v42_2 (PSCRIPT.DRV)
Apple LaserWriter Plus: Apple LaserWriter Plus (PSCRIPT.DRV)
Apple LaserWriter Select 360f: Apple LaserWriter Select 360f (PSCRIPT.DRV)
Apple LaserWriter: Apple LaserWriter (PSCRIPT.DRV)
Brother HJ-100i 24 pin - 80 columns: Brother HJ-100i (OMNI.DRV)
Brother HJ-400: Brother HJ-400 (OMNI.DRV)
Brother HL-10PS/DPS (PS): Brother HL-10PS/DPS (PS) (PSCRIPT.DRV)
Brother HL-10V: Brother HL-10V (LASERJET.DRV)
Brother HL-10h (PS): Brother HL-10h (PS) (PSCRIPT.DRV)
Brother HL-10h: Brother HL-10h (LASERJET.DRV)
Brother HL-1240: Brother HL-1240 (LASERJET.DRV)
Brother HL-1250: Brother HL-1250 (LASERJET.DRV)
Brother HL-1260: Brother HL-1260 (LASERJET.DRV)
Brother HL-1260: Brother HL-1260 (PSCRIPT.DRV)
Brother HL-1270: Brother HL-1270 (LASERJET.DRV)
Brother HL-1270N: Brother HL-1270N (LASERJET.DRV)
Brother HL-2060 BR-Script2: Brother HL-2060 BR-Script2 (PSCRIPT.DRV)
Brother HL-2060: Brother HL-2060 (LASERJET.DRV)
Brother HL-4PS (PS): Brother HL-4PS (PS) (PSCRIPT.DRV)
Brother HL-4V: Brother HL-4V (LASERJET.DRV)
Brother HL-630/631: Brother HL-630/631 (LASERJET.DRV)
Brother HL-641/645/655M: Brother HL-641/645/655M (LASERJET.DRV)
Brother HL-660: Brother HL-660 (LASERJET.DRV)
Brother HL-665: Brother HL-665 (LASERJET.DRV)
Brother HL-6: Brother HL-6 (LASERJET.DRV)
Brother HL-6V: Brother HL-6V (LASERJET.DRV)
Brother HL-730/730DX: Brother HL-730/730DX (LASERJET.DRV)
Brother HL-8PS (PS): Brother HL-8PS (PS) (PSCRIPT.DRV)
Brother HL-960: Brother HL-960 (LASERJET.DRV)
Brother HL-P2000: Brother HL-P2000 (LASERJET.DRV)
Brother HS-1PS (PS): Brother HS-1PS (PS) (PSCRIPT.DRV)
Brother HS-1PS2: Brother HS-1PS2 (PSCRIPT.DRV)
Brother M-1309 9 pin - 80 columns: Brother M-1309 (OMNI.DRV)
Brother M-1324 24 pin - 80 columns: Brother M-1324 (OMNI.DRV)
Brother M-1809 9 pin - 80 columns: Brother M-1809 (OMNI.DRV)
Brother M-1809 Color 9 pin - 80 columns: Brother M-1809 Color (OMNI.DRV)
Brother M-1824L 24 pin - 80 columns: Brother M-1824L (OMNI.DRV)
Brother M-1824L Color 24 pin - 80 columns: Brother M-1824L Color (OMNI.DRV)
Brother M-1909 9 pin - 136 columns: Brother M-1909 (OMNI.DRV)
Brother M-1909 Color 9 pin - 136 columns: Brother M-1909 Color (OMNI.DRV)
Brother M-1924L 24 pin - 136 columns: Brother M-1924L (OMNI.DRV)
Brother M-1924L Color 24 pin - 136 columns: Brother M-1924L Color (OMNI.DRV)
Brother M-4309 9 pin - 136 columns: Brother M-4309 (OMNI.DRV)
Brother MFC-4000/4500/5500: Brother MFC-4000/4500/5500 (LASERJET.DRV)
Brother MFC-6550MC/7550MC: Brother MFC-6550MC/7550MC (LASERJET.DRV)
Brother MFC-P2000: Brother MFC-P2000 (LASERJET.DRV)
COMPAQ PAGEMARQ 15: COMPAQ PAGEMARQ 15 (PSCRIPT.DRV)
COMPAQ PAGEMARQ 20: COMPAQ PAGEMARQ 20 (PSCRIPT.DRV)
Canon 200/215 GP: Canon 200/215 GP (LASERJET.DRV)
Canon BJ-100: Canon BJ-100 (OMNI.DRV)
Canon BJ-200: Canon BJ-200 (OMNI.DRV)
Canon BJ-200e: Canon BJ-200e (OMNI.DRV)
Canon BJ-230: Canon BJ-230 (OMNI.DRV)
Canon BJ-30: Canon BJ-30 (OMNI.DRV)
Canon BJC-2000: Canon BJC-2000 (OMNI.DRV)
Canon BJC-210: Canon BJC-210 (OMNI.DRV)
Canon BJC-240: Canon BJC-240 (OMNI.DRV)
Canon BJC-4000: Canon BJC-4000 (OMNI.DRV)
Canon BJC-4100: Canon BJC-4100 (OMNI.DRV)
Canon BJC-4200 Photo: Canon BJC-4200 Photo (OMNI.DRV)
Canon BJC-4200: Canon BJC-4200 (OMNI.DRV)
Canon BJC-4300: Canon BJC-4300 (OMNI.DRV)
Canon BJC-4304 Photo: Canon BJC-4304 Photo (OMNI.DRV)
Canon BJC-4400: Canon BJC-4400 (OMNI.DRV)
Canon BJC-4550: Canon BJC-4550 (OMNI.DRV)
Canon BJC-4650: Canon BJC-4650 (OMNI.DRV)
Canon BJC-50: Canon BJC-50 (OMNI.DRV)
Canon BJC-5500: Canon BJC-5500 (OMNI.DRV)
Canon BJC-6000: Canon BJC-6000 (OMNI.DRV)
Canon BJC-600: Canon BJC-600 (OMNI.DRV)
Canon BJC-600e: Canon BJC-600e (OMNI.DRV)
Canon BJC-610: Canon BJC-610 (OMNI.DRV)
Canon BJC-7000: Canon BJC-7000 (OMNI.DRV)
Canon BJC-7004 Photo: Canon BJC-7004 Photo (OMNI.DRV)
Canon BJC-70: Canon BJC-70 (OMNI.DRV)
Canon BJC-7100: Canon BJC-7100 (OMNI.DRV)
Canon BJC-8000: Canon BJC-8000 (OMNI.DRV)
Canon BJC-800: Canon BJC-800 (OMNI.DRV)
Canon BJC-820: Canon BJC-820 (OMNI.DRV)
Canon BJC-8500: Canon BJC-8500 (OMNI.DRV)
Canon C LBP 360 PS: Canon C LBP 360 PS (PSCRIPT.DRV)
Canon C LBP 460 PS: Canon C LBP 460 PS (PSCRIPT.DRV)
Canon CLBP 460PS: Canon CLBP 460PS (LASERJET.DRV)
Canon GP PS-D1: Canon GP PS-D1 (PSCRIPT.DRV)
Canon GP PostScript: Canon GP PostScript (PSCRIPT.DRV)
Canon GP200/GP215 PostScript: Canon GP200/GP215 PostScript (PSCRIPT.DRV)
Canon LBP 1260PS: Canon LBP 1260PS (PSCRIPT.DRV)
Canon LBP-1260/1260C PLUS/PS: Canon LBP-1260/1260C PLUS/PS (PSCRIPT.DRV)
Canon LBP-1760: Canon LBP-1760 (LASERJET.DRV)
Canon LBP-1760PS: Canon LBP-1760PS (PSCRIPT.DRV)
Canon LBP-2460: Canon LBP-2460 (LASERJET.DRV)
Canon LBP-2460PS: Canon LBP-2460PS (PSCRIPT.DRV)
Canon LBP-3260: Canon LBP-3260 (LASERJET.DRV)
Canon LBP-3260PS: Canon LBP-3260PS (PSCRIPT.DRV)
Canon LBP-4/4 Plus/4 Lite PS-2: Canon LBP-4/4 Plus/4 Lite PS-2 (PSCRIPT.DRV)
Canon LBP-8III PS-1: Canon LBP-8III PS-1 (PSCRIPT.DRV)
Canon LBP-8IIIR PS-1: Canon LBP-8IIIR PS-1 (PSCRIPT.DRV)
Canon LBP-8IIIT PS-1: Canon LBP-8IIIT PS-1 (PSCRIPT.DRV)
Canon MDC PS: Canon MDC PS (PSCRIPT.DRV)
Canon PS-GP Unit: Canon PS-GP Unit (PSCRIPT.DRV)
Canon PS-IPU Color Laser Copier: Canon PS-IPU Color Laser Copier (PSCRIPT.DRV)
Canon PS-IPU III for CLC300/350: Canon PS-IPU III for CLC300/350 (PSCRIPT.DRV)
Canon PS-IPU III for CLC550: Canon PS-IPU III for CLC550 (PSCRIPT.DRV)
Canon PS-IPU III for CLC700: Canon PS-IPU III for CLC700 (PSCRIPT.DRV)
Canon PS-IPU III for CLC800: Canon PS-IPU III for CLC800 (PSCRIPT.DRV)
Citizen Notebook Printer II: Citizen Notebook Printer II (OMNI.DRV)
Citizen PN48 Portable Printer: Citizen PN48 (OMNI.DRV)
Citizen PN60 Portable Printer: Citizen PN60 (OMNI.DRV)
ColorMaster Plus 6603 v233_1: ColorMaster Plus 6603 v233_1 (PSCRIPT.DRV)
ColorMaster Plus 6613 v233_1: ColorMaster Plus 6613 v233_1 (PSCRIPT.DRV)
ColorMaster Plus 6613XF v260_0: ColorMaster Plus 6613XF v260_0 (PSCRIPT.DRV)
Colormate PS v51_9: Colormate PS v51_9 (PSCRIPT.DRV)
Dataproducts LZR 1260 v47_0: Dataproducts LZR 1260 v47_0 (PSCRIPT.DRV)
Dataproducts LZR-2665: Dataproducts LZR-2665 (PSCRIPT.DRV)
Digital DECcolorwriter 1000 17: Digital DECcolorwriter 1000 17 (PSCRIPT.DRV)
Digital DECcolorwriter 1000 39: Digital DECcolorwriter 1000 39 (PSCRIPT.DRV)
Digital LN03R ScriptPrinter: Digital LN03R ScriptPrinter (PSCRIPT.DRV)
Digital LPS PrintServer 40: Digital LPS PrintServer 40 (PSCRIPT.DRV)
EPSON EPL-5500 EPSONScript: EPSON EPL-5500 EPSONScript (PSCRIPT.DRV)
Epson AP-2250 9 pin - 80 columns: AP-2250 (OMNI.DRV)
Epson AP-3250 24 pin - 80 column: AP-3250 (OMNI.DRV)
Epson AP-3260 24 pin - 80 column: AP-3260 (OMNI.DRV)
Epson AP-5000 24 pin - 80 columns: AP-5000 (OMNI.DRV)
Epson AP-5500 24 pin - 136 columns: AP-5500 (OMNI.DRV)
Epson ActionLaser 1000 in PCL4: Epson ActionLaser 1000 in PCL4 (OMNI.DRV)
Epson ActionLaser 1000/EPL-5000: Epson ActionLaser 1000/EPL-5000 (LASERJET.DRV)
Epson ActionLaser 1100: Epson ActionLaser 1100 (LASERJET.DRV)
Epson ActionLaser 1400: Epson ActionLaser 1400 (LASERJET.DRV)
Epson ActionLaser 1500/EPL-5200: Epson ActionLaser 1500/EPL-5200 (LASERJET.DRV)
Epson ActionLaser 1600 in PCL5: Epson ActionLaser 1600 in PCL5 (OMNI.DRV)
Epson ActionLaser 1600/EPL-5600: Epson ActionLaser 1600/EPL-5600 (LASERJET.DRV)
Epson ActionLaser II/EPL-4000: Epson ActionLaser II/EPL-4000 (LASERJET.DRV)
Epson DFX-5000 9 pin - 136 columns: DFX-5000 (OMNI.DRV)
Epson DFX-5000+ 9 pin - 136 columns: DFX-5000+ (OMNI.DRV)
Epson DFX-8000 9 pin - 136 columns: DFX-8000 (OMNI.DRV)
Epson DFX-8500 9 pins - 136 columns: DFX-8500 (OMNI.DRV)
Epson DLQ-3000+ Color 24 pin - 136 columns: Epson DLQ-3000+ (OMNI.DRV)
Epson EPL-5700: Epson EPL-5700 (LASERJET.DRV)
Epson EPL-7000/7100: Epson EPL-7000/7100 (LASERJET.DRV)
Epson EPL-7500 v52_3: Epson EPL-7500 v52_3 (PSCRIPT.DRV)
Epson EPL-8000 PS Card 82605: Epson EPL-8000 PS Card 82605 (PSCRIPT.DRV)
Epson EPL-8000/8100: Epson EPL-8000/8100 (LASERJET.DRV)
Epson EPL-N1200: Epson EPL-N1200 (LASERJET.DRV)
Epson EPL-N1600: Epson EPL-N1600 (LASERJET.DRV)
Epson EPL-N2000: Epson EPL-N2000 (LASERJET.DRV)
Epson EX-1000 9 pin - 136 columns: EX-1000 (OMNI.DRV)
Epson EX-800 9 pin - 80 columns: EX-800 (OMNI.DRV)
Epson FX-1050 9 pin - 136 columns: FX-1050 (OMNI.DRV)
Epson FX-1170 9 pin - 136 columns: FX-1170 (OMNI.DRV)
Epson FX-1180 9 pin - 136 columns: FX-1180 (OMNI.DRV)
Epson FX-2170 9 pin - 136 columns: FX-2170 (OMNI.DRV)
Epson FX-2180 9 pin - 136 columns: FX-2180 (OMNI.DRV)
Epson FX-286e 9 pin - 136 columns: FX-286e (OMNI.DRV)
Epson FX-850 9 pin - 80 columns: FX-850 (OMNI.DRV)
Epson FX-870 9 pin - 80 columns: FX-870 (OMNI.DRV)
Epson FX-880 9 pin - 80 columns: FX-880 (OMNI.DRV)
Epson FX-980 9 pin: FX-980 (OMNI.DRV)
Epson Generic 24 pin - 136 columns: 24-pin 136 Col (OMNI.DRV)
Epson Generic 24 pin - 80 columns: 24-pin 80 Col (OMNI.DRV)
Epson Generic 48 pin: Epson Generic 48 pin (OMNI.DRV)
Epson Generic 9 pin - 136 columns: 9-pin 136 Col (OMNI.DRV)
Epson Generic 9 pin - 80 columns: 9-pin 80 Col (OMNI.DRV)
Epson Generic ESC2P: Epson Generic ESC2P (OMNI.DRV)
Epson JX-80 9 pin - 80 columns: JX-80 (OMNI.DRV)
Epson LQ-1010 24 pin - 136 columns: LQ-1010 (OMNI.DRV)
Epson LQ-1050 (N9) 24 pin - 80 columns: LQ-1050 (N9) (OMNI.DRV)
Epson LQ-1050 24 pin - 136 columns: LQ-1050 (OMNI.DRV)
Epson LQ-1070 24 pin - 136 columns: LQ-1070 (OMNI.DRV)
Epson LQ-1070 plus 24 pin - 136 columns: LQ-1070+ (OMNI.DRV)
Epson LQ-1170 24 pin - 136 columns: LQ-1170 (OMNI.DRV)
Epson LQ-150 24 pin - 80 columns: LQ-150 (OMNI.DRV)
Epson LQ-2070 24 pins - 136 columns: LQ-2070 (OMNI.DRV)
Epson LQ-2080 24 pins - 136 columns: LQ-2080 (OMNI.DRV)
Epson LQ-2170 24 pins: LQ-2170 (OMNI.DRV)
Epson LQ-2180 24 pins: LQ-2180 (OMNI.DRV)
Epson LQ-2500 Color 24 pin - 136 columns: LQ-2500 (OMNI.DRV)
Epson LQ-2550 Color 24 pin - 136 columns: LQ-2550 (OMNI.DRV)
Epson LQ-300 24 pin - 80 column: LQ-300 (OMNI.DRV)
Epson LQ-300 Color 24 pin - 80 column: LQ-300 Color (OMNI.DRV)
Epson LQ-500 24 pin - 80 columns: LQ-500 (OMNI.DRV)
Epson LQ-510 24 pin - 80 columns: LQ-510 (OMNI.DRV)
Epson LQ-570 24 pin - 80 columns: LQ-570 (OMNI.DRV)
Epson LQ-570+ 24 pin - 80 columns: LQ-570+ (OMNI.DRV)
Epson LQ-670 24 pin: LQ-670 (OMNI.DRV)
Epson LQ-850 (N9) 24 pin - 80 columns: LQ-850 (N9) (OMNI.DRV)
Epson LQ-850 24 pin - 80 columns: LQ-850 (OMNI.DRV)
Epson LQ-860 Color 24 pin - 80 columns: LQ-860 (OMNI.DRV)
Epson LQ-870 24 pin - 80 columns: LQ-870 (OMNI.DRV)
Epson LQ-950 (N9) 24 pin - 110 columns: LQ-950 (N9) (OMNI.DRV)
Epson LX-300 9 pin - 80 columns: LX-300 (OMNI.DRV)
Epson LX-300 Color 9 pin - 80 columns: LX-300 Color (OMNI.DRV)
Epson LX-800 9 pin - 80 columns: LX-800 (OMNI.DRV)
Epson LX-810 9 pin - 80 columns: LX-810 (OMNI.DRV)
Epson MJ-3000CU Inkjet printer: MJ-3000CU (OMNI.DRV)
Epson MJ-5000C Inkjet printer: MJ-5000C (OMNI.DRV)
Epson MJ-500C Inkjet printer: MJ-500C (OMNI.DRV)
Epson MJ-700V2C Inkjet printer: MJ-700V2C (OMNI.DRV)
Epson MJ-800C Inkjet printer: MJ-800C (OMNI.DRV)
Epson MJ-900C Inkjet printer: MJ-900C (OMNI.DRV)
Epson MX-80 9 pin - 80 columns: MX-80 (w/GRAFTRAX 80) (OMNI.DRV)
Epson Stylus 1500 Inkjet printer: Stylus 1500 (OMNI.DRV)
Epson Stylus 200 Inkjet printer: Stylus 200 (OMNI.DRV)
Epson Stylus 300 Inkjet printer: Stylus 300 (OMNI.DRV)
Epson Stylus 400 Inkjet printer: Stylus 400 (OMNI.DRV)
Epson Stylus 500 Inkjet printer: Stylus 500 (OMNI.DRV)
Epson Stylus 800 Inkjet printer: Stylus 800 (OMNI.DRV)
Epson Stylus 800+ Inkjet printer: Stylus 800+ (OMNI.DRV)
Epson Stylus 820 Inkjet printer: Stylus 820 (OMNI.DRV)
Epson Stylus Color 1160 Inkjet printer: Stylus Color 1160 (OMNI.DRV)
Epson Stylus Color 1520 Inkjet printer: Stylus Color 1520 (OMNI.DRV)
Epson Stylus Color 300 Inkjet printer: Stylus Color 300 (OMNI.DRV)
Epson Stylus Color 3000 Inkjet printer: Stylus Color 3000 (OMNI.DRV)
Epson Stylus Color 400 Inkjet printer: Stylus Color 400 (OMNI.DRV)
Epson Stylus Color 440 Inkjet printer: Stylus Color 440 (OMNI.DRV)
Epson Stylus Color 600 Inkjet printer: Stylus Color 600 (OMNI.DRV)
Epson Stylus Color 600Q Inkjet printer: Stylus Color 600Q (OMNI.DRV)
Epson Stylus Color 640 Inkjet printer: Stylus Color 640 (OMNI.DRV)
Epson Stylus Color 660 Inkjet printer: Stylus Color 660 (OMNI.DRV)
Epson Stylus Color 740 Inkjet printer: Stylus Color 740 (OMNI.DRV)
Epson Stylus Color 760 Inkjet printer: Stylus Color 760 (OMNI.DRV)
Epson Stylus Color 800 Inkjet printer: Stylus Color 800 (OMNI.DRV)
Epson Stylus Color 860 Inkjet printer: Stylus Color 860 (OMNI.DRV)
Epson Stylus Color 900 Inkjet printer: Stylus Color 900 (OMNI.DRV)
Epson Stylus Color II Inkjet printer: Stylus Color II (OMNI.DRV)
Epson Stylus Color IIs Inkjet printer: Stylus Color IIs (OMNI.DRV)
Epson Stylus Color Inkjet printer: Stylus Color (OMNI.DRV)
Epson Stylus Color Pro XL+: Stylus Pro XL+ (OMNI.DRV)
Epson Stylus Color Pro XL: Stylus Pro XL (OMNI.DRV)
Epson Stylus Color Pro: Stylus Pro (OMNI.DRV)
Epson Stylus Photo 1200 Inkjet printer: Stylus Photo 1200 (OMNI.DRV)
Fiery 150i-5775: Fiery 150i-5775 (PSCRIPT.DRV)
Fiery 150i-MajestiK: Fiery 150i-MajestiK (PSCRIPT.DRV)
Fiery 150i-R0: Fiery 150i-R0 (PSCRIPT.DRV)
Fiery 200i-5775: Fiery 200i-5775 (PSCRIPT.DRV)
Fiery 200i-CF80 J Color Server: Fiery 200i-CF80 J Color Server (PSCRIPT.DRV)
Fiery 200i-MajestiK: Fiery 200i-MajestiK (PSCRIPT.DRV)
Fiery 200i-R0: Fiery 200i-R0 (PSCRIPT.DRV)
Fiery 200i-R1: Fiery 200i-R1 (PSCRIPT.DRV)
Fiery LX Stylus Pro 5000: Fiery LX Stylus Pro 5000 (PSCRIPT.DRV)
Fiery XJ CLC 350/550: Fiery XJ CLC 350/550 (PSCRIPT.DRV)
Fiery XJ CLC 700/800: Fiery XJ CLC 700/800 (PSCRIPT.DRV)
Fiery XJ MajestiK: Fiery XJ MajestiK (PSCRIPT.DRV)
Fiery XJ R Color Server: Fiery XJ R Color Server (PSCRIPT.DRV)
Fiery XJ R2 Color Server: Fiery XJ R2 Color Server (PSCRIPT.DRV)
Fiery XJ R3 Color Server: Fiery XJ R3 Color Server (PSCRIPT.DRV)
Fujitsu 12V: Fujitsu 12V (LASERJET.DRV)
Fujitsu 16ADV: Fujitsu 16ADV (LASERJET.DRV)
Fujitsu 16DV: Fujitsu 16DV (LASERJET.DRV)
Fujitsu PrintPartner 12V: Fujitsu PrintPartner 12V (PSCRIPT.DRV)
Fujitsu PrintPartner 16ADV: Fujitsu PrintPartner 16ADV (PSCRIPT.DRV)
Generic PassThru: PassThru (OMNI.DRV)
Generic PostScript Printer: Generic PostScript Printer (PSCRIPT.DRV)
Graphteck MP5200: MP5200 (PLOTTERS.DRV)
Graphteck MP5300: MP5300 (PLOTTERS.DRV)
HP 2000C Professional Series: HP 2000C Professional (OMNI.DRV)
HP 2000Cse: HP 2000Cse (OMNI.DRV)
HP 2000Cxi: HP 2000Cxi (OMNI.DRV)
HP 2500C Professional Series: HP 2500C Professional (OMNI.DRV)
HP 2500C: HP 2500C (OMNI.DRV)
HP 7470A Plotter: HP7470A (PLOTTERS.DRV)
HP 7475A Plotter: HP7475A (PLOTTERS.DRV)
HP 7550A Plotter: HP7550A (PLOTTERS.DRV)
HP 7580A Plotter: HP7580A (PLOTTERS.DRV)
HP 7580B Plotter: HP7580B (PLOTTERS.DRV)
HP 7585A Plotter: HP7585A (PLOTTERS.DRV)
HP 7585B Plotter: HP7585B (PLOTTERS.DRV)
HP 7586B Plotter: HP7586B (PLOTTERS.DRV)
HP C LaserJet 4500: HP C LaserJet 4500 (LASERJET.DRV)
HP C LaserJet 8500: HP C LaserJet 8500 (LASERJET.DRV)
HP C LaserJet 8550: HP C LaserJet 8550 (LASERJET.DRV)
HP Color LaserJet 4500 PS: HP Color LaserJet 4500 PS (PSCRIPT.DRV)
HP Color LaserJet 5/5M PS: HP Color LaserJet 5/5M PS (PSCRIPT.DRV)
HP Color LaserJet 5/5M: HP Color LaserJet 5/5M (LASERJET.DRV)
HP Color LaserJet 8500 PS: HP Color LaserJet 8500 PS (PSCRIPT.DRV)
HP Color LaserJet 8550 PS: HP Color LaserJet 8550 PS (PSCRIPT.DRV)
HP Color LaserJet PS: HP Color LaserJet PS (PSCRIPT.DRV)
HP Color LaserJet: HP Color LaserJet (LASERJET.DRV)
HP ColorPro: HP7440A (PLOTTERS.DRV)
HP CopyJet: HP CopyJet (LASERJET.DRV)
HP DesignJet 2000CP: DesignJet 2000CP (PLOTTERS.DRV)
HP DesignJet 200: DesignJet 200 (PLOTTERS.DRV)
HP DesignJet 220: DesignJet 220 (PLOTTERS.DRV)
HP DesignJet 230: DesignJet 230 (PLOTTERS.DRV)
HP DesignJet 2500CP PS3: HP DesignJet 2500CP PS3 (PSCRIPT.DRV)
HP DesignJet 2500CP: DesignJet 2500CP (PLOTTERS.DRV)
HP DesignJet 2500CP: HP DesignJet 2500CP (PSCRIPT.DRV)
HP DesignJet 250C: DesignJet 250C (PLOTTERS.DRV)
HP DesignJet 3000C: DesignJet 3000C (PLOTTERS.DRV)
HP DesignJet 330: DesignJet 330 (PLOTTERS.DRV)
HP DesignJet 3500C: DesignJet 3500C (PLOTTERS.DRV)
HP DesignJet 3500CP PS3: HP DesignJet 3500CP PS3 (PSCRIPT.DRV)
HP DesignJet 350C: DesignJet 350C (PLOTTERS.DRV)
HP DesignJet 430: DesignJet 430 (PLOTTERS.DRV)
HP DesignJet 450C: DesignJet 450C (PLOTTERS.DRV)
HP DesignJet 455CA: DesignJet 455CA (PLOTTERS.DRV)
HP DesignJet 600: DesignJet 600 (PLOTTERS.DRV)
HP DesignJet 650C v2013_109: HP DesignJet 650C v2013_109 (PSCRIPT.DRV)
HP DesignJet 650C: DesignJet 650C (PLOTTERS.DRV)
HP DesignJet 700/PS: HP DesignJet 700/PS (PSCRIPT.DRV)
HP DesignJet 700C: DesignJet 700C (PLOTTERS.DRV)
HP DesignJet 750C Plus/PS: HP DesignJet 750C Plus/PS (PSCRIPT.DRV)
HP DesignJet 750C Plus: DesignJet 750C Plus (PLOTTERS.DRV)
HP DesignJet 750C/PS: HP DesignJet 750C/PS (PSCRIPT.DRV)
HP DesignJet 750C: DesignJet 750C (PLOTTERS.DRV)
HP DesignJet 755CM: DesignJet 755CM (PLOTTERS.DRV)
HP DesignJet 755CM: HP DesignJet 755CM (PSCRIPT.DRV)
HP DeskJet 1100C: HP DeskJet 1100C (OMNI.DRV)
HP DeskJet 1100Cse: HP DeskJet 1100Cse (OMNI.DRV)
HP DeskJet 1100Cxi: HP DeskJet 1100Cxi (OMNI.DRV)
HP DeskJet 1120C: HP DeskJet 1120C (OMNI.DRV)
HP DeskJet 1120Cse: HP DeskJet 1120Cse (OMNI.DRV)
HP DeskJet 1120Cxi: HP DeskJet 1120Cxi (OMNI.DRV)
HP DeskJet 1200C: HP DeskJet 1200C (LASERJET.DRV)
HP DeskJet 1200C: HP DeskJet 1200C (PSCRIPT.DRV)
HP DeskJet 1600C: HP DeskJet 1600C (LASERJET.DRV)
HP DeskJet 1600CM: HP DeskJet 1600CM (PSCRIPT.DRV)
HP DeskJet 310: HP DeskJet 310 (OMNI.DRV)
HP DeskJet 320: HP DeskJet 320 (OMNI.DRV)
HP DeskJet 340: HP DeskJet 340 (OMNI.DRV)
HP DeskJet 400: HP DeskJet 400 (OMNI.DRV)
HP DeskJet 420C: HP DeskJet 420C (OMNI.DRV)
HP DeskJet 500: HP DeskJet 500 (OMNI.DRV)
HP DeskJet 500C: HP DeskJet 500C (OMNI.DRV)
HP DeskJet 510: HP DeskJet 510 (OMNI.DRV)
HP DeskJet 520: HP DeskJet 520 (OMNI.DRV)
HP DeskJet 540: HP DeskJet 540 (OMNI.DRV)
HP DeskJet 550C: HP DeskJet 550C (OMNI.DRV)
HP DeskJet 560C: HP DeskJet 560C (OMNI.DRV)
HP DeskJet 600: HP DeskJet 600 (OMNI.DRV)
HP DeskJet 600C: HP DeskJet 600C (OMNI.DRV)
HP DeskJet 610C: HP DeskJet 610C (OMNI.DRV)
HP DeskJet 660C: HP DeskJet 660C (OMNI.DRV)
HP DeskJet 660Cse: HP DeskJet 660Cse (OMNI.DRV)
HP DeskJet 670C: HP DeskJet 670C (OMNI.DRV)
HP DeskJet 670Cse: HP DeskJet 670Cse (OMNI.DRV)
HP DeskJet 670Cxi: HP DeskJet 670Cxi (OMNI.DRV)
HP DeskJet 670TV: HP DeskJet 670TV (OMNI.DRV)
HP DeskJet 672C: HP DeskJet 672C (OMNI.DRV)
HP DeskJet 680C: HP DeskJet 680C (OMNI.DRV)
HP DeskJet 682C: HP DeskJet 682C (OMNI.DRV)
HP DeskJet 690C: HP DeskJet 690C (OMNI.DRV)
HP DeskJet 692C: HP DeskJet 692C (OMNI.DRV)
HP DeskJet 693C: HP DeskJet 693C (OMNI.DRV)
HP DeskJet 694C: HP DeskJet 694C (OMNI.DRV)
HP DeskJet 695C: HP DeskJet 695C (OMNI.DRV)
HP DeskJet 697C: HP DeskJet 697C (OMNI.DRV)
HP DeskJet 850C: HP DeskJet 850C (OMNI.DRV)
HP DeskJet 855C: HP DeskJet 855C (OMNI.DRV)
HP DeskJet 870C: HP DeskJet 870C (OMNI.DRV)
HP DeskJet 870Cse: HP DeskJet 870Cse (OMNI.DRV)
HP DeskJet 870Cxi: HP DeskJet 870Cxi (OMNI.DRV)
HP DeskJet 880C: HP DeskJet 880C (OMNI.DRV)
HP DeskJet 890C: HP DeskJet 890C (OMNI.DRV)
HP DeskJet 895C: HP DeskJet 895C (OMNI.DRV)
HP DeskJet Plus: HP DeskJet Plus (OMNI.DRV)
HP DeskJet Portable: HP DeskJet Portable (OMNI.DRV)
HP DeskJet: HP DeskJet (OMNI.DRV)
HP DraftMaster I: HP7595A (PLOTTERS.DRV)
HP DraftMaster II: HP7596A (PLOTTERS.DRV)
HP DraftMaster MX Plotter: DraftMaster MX (PLOTTERS.DRV)
HP DraftMaster RX Plotter: DraftMaster RX (PLOTTERS.DRV)
HP DraftMaster SX Plotter: DraftMaster SX (PLOTTERS.DRV)
HP DraftPro: HP7570A (PLOTTERS.DRV)
HP LaserJet 1100: HP LaserJet 1100 (LASERJET.DRV)
HP LaserJet 2000: HP LaserJet 2000 (LASERJET.DRV)
HP LaserJet 2100 Series PS: HP LaserJet 2100 Series PS (PSCRIPT.DRV)
HP LaserJet 2100: HP LaserJet 2100 (LASERJET.DRV)
HP LaserJet 4 Plus: HP LaserJet 4 Plus (LASERJET.DRV)
HP LaserJet 4/4M PS v2011_110: HP LaserJet 4/4M PS v2011_110 (PSCRIPT.DRV)
HP LaserJet 4/4M Plus PS 300: HP LaserJet 4/4M Plus PS 300 (PSCRIPT.DRV)
HP LaserJet 4/4M Plus PS 600: HP LaserJet 4/4M Plus PS 600 (PSCRIPT.DRV)
HP LaserJet 4000 Series PS: HP LaserJet 4000 Series PS (PSCRIPT.DRV)
HP LaserJet 4000/4000N: HP LaserJet 4000/4000N (LASERJET.DRV)
HP LaserJet 4000/N (300dpi): HP LaserJet 4000/N (300dpi) (LASERJET.DRV)
HP LaserJet 4000T/TN (300dpi): HP LaserJet 4000T/TN (300dpi) (LASERJET.DRV)
HP LaserJet 4000T/TN: HP LaserJet 4000T/TN (LASERJET.DRV)
HP LaserJet 4050 Series PS: HP LaserJet 4050 Series PS (PSCRIPT.DRV)
HP LaserJet 4050: HP LaserJet 4050 (LASERJET.DRV)
HP LaserJet 4: HP LaserJet 4 (LASERJET.DRV)
HP LaserJet 4L: HP LaserJet 4L (LASERJET.DRV)
HP LaserJet 4LJ Pro: HP LaserJet 4LJ Pro (LASERJET.DRV)
HP LaserJet 4M Plus: HP LaserJet 4M Plus (LASERJET.DRV)
HP LaserJet 4M: HP LaserJet 4M (LASERJET.DRV)
HP LaserJet 4ML L2: HP LaserJet 4ML L2 (PSCRIPT.DRV)
HP LaserJet 4ML PS v2013_103: HP LaserJet 4ML PS v2013_103 (PSCRIPT.DRV)
HP LaserJet 4ML: HP LaserJet 4ML (LASERJET.DRV)
HP LaserJet 4MP v2013_103: HP LaserJet 4MP v2013_103 (PSCRIPT.DRV)
HP LaserJet 4MP: HP LaserJet 4MP (LASERJET.DRV)
HP LaserJet 4MV: HP LaserJet 4MV (LASERJET.DRV)
HP LaserJet 4P: HP LaserJet 4P (LASERJET.DRV)
HP LaserJet 4PJ: HP LaserJet 4PJ (LASERJET.DRV)
HP LaserJet 4Si Mx: HP LaserJet 4Si Mx (LASERJET.DRV)
HP LaserJet 4Si/4Si Mx PS v2011: HP LaserJet 4Si/4Si Mx PS v2011 (PSCRIPT.DRV)
HP LaserJet 4Si: HP LaserJet 4Si (LASERJET.DRV)
HP LaserJet 4V/4MV PostScript: HP LaserJet 4V/4MV PostScript (PSCRIPT.DRV)
HP LaserJet 4V: HP LaserJet 4V (LASERJET.DRV)
HP LaserJet 5/5M PostScript: HP LaserJet 5/5M PostScript (PSCRIPT.DRV)
HP LaserJet 5/5M: HP LaserJet 5/5M (LASERJET.DRV)
HP LaserJet 500 Plus: HP LaserJet 500 Plus (LASERJET.DRV)
HP LaserJet 5000 Series PS: HP LaserJet 5000 Series PS (PSCRIPT.DRV)
HP LaserJet 5000: HP LaserJet 5000 (LASERJET.DRV)
HP LaserJet 5L(300dpi): HP LaserJet 5L(300dpi) (LASERJET.DRV)
HP LaserJet 5L: HP LaserJet 5L (LASERJET.DRV)
HP LaserJet 5MP: HP LaserJet 5MP (LASERJET.DRV)
HP LaserJet 5P/5MP PostScript: HP LaserJet 5P/5MP PostScript (PSCRIPT.DRV)
HP LaserJet 5P: HP LaserJet 5P (LASERJET.DRV)
HP LaserJet 5Si Mopier PS: HP LaserJet 5Si Mopier PS (PSCRIPT.DRV)
HP LaserJet 5Si Mopier: HP LaserJet 5Si Mopier (LASERJET.DRV)
HP LaserJet 5Si/5Si MX PS: HP LaserJet 5Si/5Si MX PS (PSCRIPT.DRV)
HP LaserJet 5Si/5Si Mx: HP LaserJet 5Si/5Si Mx (LASERJET.DRV)
HP LaserJet 6L: HP LaserJet 6L (LASERJET.DRV)
HP LaserJet 6P/6MP - PostScript: HP LaserJet 6P/6MP - PostScript (PSCRIPT.DRV)
HP LaserJet 6P/6MP: HP LaserJet 6P/6MP (LASERJET.DRV)
HP LaserJet 8000 Series PS: HP LaserJet 8000 Series PS (PSCRIPT.DRV)
HP LaserJet 8000: HP LaserJet 8000 (LASERJET.DRV)
HP LaserJet 8100 Series PS: HP LaserJet 8100 Series PS (PSCRIPT.DRV)
HP LaserJet 8100: HP LaserJet 8100 (LASERJET.DRV)
HP LaserJet Classic: HP LaserJet Classic (LASERJET.DRV)
HP LaserJet IID v52_2: HP LaserJet IID v52_2 (PSCRIPT.DRV)
HP LaserJet IID: HP LaserJet IID (LASERJET.DRV)
HP LaserJet III Cartridge Plus: HP LaserJet III Cartridge Plus (PSCRIPT.DRV)
HP LaserJet III v52_2: HP LaserJet III v52_2 (PSCRIPT.DRV)
HP LaserJet III: HP LaserJet III (LASERJET.DRV)
HP LaserJet IIID Cartridge Plus: HP LaserJet IIID Cartridge Plus (PSCRIPT.DRV)
HP LaserJet IIID v52_2: HP LaserJet IIID v52_2 (PSCRIPT.DRV)
HP LaserJet IIID: HP LaserJet IIID (LASERJET.DRV)
HP LaserJet IIIP Cartridge Plus: HP LaserJet IIIP Cartridge Plus (PSCRIPT.DRV)
HP LaserJet IIIP PS v52_2: HP LaserJet IIIP PS v52_2 (PSCRIPT.DRV)
HP LaserJet IIIP: HP LaserJet IIIP (LASERJET.DRV)
HP LaserJet IIISi PS v52_3: HP LaserJet IIISi PS v52_3 (PSCRIPT.DRV)
HP LaserJet IIISi: HP LaserJet IIISi (LASERJET.DRV)
HP LaserJet IIP Plus: HP LaserJet IIP Plus (LASERJET.DRV)
HP LaserJet IIP v52_2: HP LaserJet IIP v52_2 (PSCRIPT.DRV)
HP LaserJet IIP: HP LaserJet IIP (LASERJET.DRV)
HP LaserJet Plus: HP LaserJet Plus (LASERJET.DRV)
HP LaserJet Series II: HP LaserJet Series II (LASERJET.DRV)
HP Mopier 240: HP Mopier 240 (LASERJET.DRV)
HP Mopier 240: HP Mopier 240 (PSCRIPT.DRV)
HP Mopier 320: HP Mopier 320 (LASERJET.DRV)
HP Mopier 320: HP Mopier 320 (PSCRIPT.DRV)
HP PaintJet XL HP-GL/2 Color Printer: PaintJet XL HP-GL/2 (PLOTTERS.DRV)
HP PaintJet XL300 PS v2011_112: HP PaintJet XL300 PS v2011_112 (PSCRIPT.DRV)
HP PaintJet XL300: HP PaintJet XL300 (LASERJET.DRV)
HP PaintJet XL: HP PaintJet XL (OMNI.DRV)
HP PaintJet: HP PaintJet (OMNI.DRV)
IBM 2380 PPS II: IBM 2380 PPS II (IBM42XX.DRV)
IBM 2381 PPS II: IBM 2381 PPS II (IBM42XX.DRV)
IBM 2390 PPS II: IBM 2390 PPS II (IBM42XX.DRV)
IBM 2390 PS/1: IBM 2390 PS/1 (IBM42XX.DRV)
IBM 2391 PPS II: IBM 2391 PPS II (IBM42XX.DRV)
IBM 3816 - 01D: IBM 3816 - 01D (IBM52XX.DRV)
IBM 3816 - 01S: IBM 3816 - 01S (IBM52XX.DRV)
IBM 4019 LaserPrinter E: IBM 4019 LaserPrinter E (IBM4019.DRV)
IBM 4019 LaserPrinter: IBM 4019 LaserPrinter (IBM4019.DRV)
IBM 4019 Laserprinter E: IBM 4019 Laserprinter E (LASERJET.DRV)
IBM 4019 Laserprinter: IBM 4019 Laserprinter (LASERJET.DRV)
IBM 4019 v52_1 (17 Fonts): IBM 4019 v52_1 (17 Fonts) (PSCRIPT.DRV)
IBM 4019 v52_1 (39 Fonts): IBM 4019 v52_1 (39 Fonts) (PSCRIPT.DRV)
IBM 4029 (17 Fonts 300 Dpi): IBM 4029 (17 Fonts 300 Dpi) (PSCRIPT.DRV)
IBM 4029 (17 Fonts 600 Dpi): IBM 4029 (17 Fonts 600 Dpi) (PSCRIPT.DRV)
IBM 4029 (39 Fonts 300 Dpi): IBM 4029 (39 Fonts 300 Dpi) (PSCRIPT.DRV)
IBM 4029 (39 Fonts 600 Dpi): IBM 4029 (39 Fonts 600 Dpi) (PSCRIPT.DRV)
IBM 4029 LaserPrinter 10: IBM 4029 LaserPrinter 10 (IBM4019.DRV)
IBM 4029 LaserPrinter 10: IBM 4029 LaserPrinter 10 (IBMPCL5.DRV)
IBM 4029 LaserPrinter 10L: IBM 4029 LaserPrinter 10L (IBM4019.DRV)
IBM 4029 LaserPrinter 10L: IBM 4029 LaserPrinter 10L (IBMPCL5.DRV)
IBM 4029 LaserPrinter 10P: IBM 4029 LaserPrinter 10P (IBM4019.DRV)
IBM 4029 LaserPrinter 10P: IBM 4029 LaserPrinter 10P (IBMPCL5.DRV)
IBM 4029 LaserPrinter 5E: IBM 4029 LaserPrinter 5E (IBM4019.DRV)
IBM 4029 LaserPrinter 5E: IBM 4029 LaserPrinter 5E (IBMPCL5.DRV)
IBM 4029 LaserPrinter 6: IBM 4029 LaserPrinter 6 (IBM4019.DRV)
IBM 4029 LaserPrinter 6: IBM 4029 LaserPrinter 6 (IBMPCL5.DRV)
IBM 4029 LaserPrinter 6P: IBM 4029 LaserPrinter 6P (IBM4019.DRV)
IBM 4029 LaserPrinter 6P: IBM 4029 LaserPrinter 6P (IBMPCL5.DRV)
IBM 4029 Laserprinter 10: IBM 4029 Laserprinter 10 (LASERJET.DRV)
IBM 4029 Laserprinter 10L: IBM 4029 Laserprinter 10L (LASERJET.DRV)
IBM 4029 Laserprinter 5E: IBM 4029 Laserprinter 5E (LASERJET.DRV)
IBM 4029 Laserprinter 6: IBM 4029 Laserprinter 6 (LASERJET.DRV)
IBM 4037 5E: IBM 4037 5E (IBM4019.DRV)
IBM 4039 LaserPrinter (300 Dpi): IBM 4039 LaserPrinter (300 Dpi) (PSCRIPT.DRV)
IBM 4039 LaserPrinter (600 Dpi): IBM 4039 LaserPrinter (600 Dpi) (PSCRIPT.DRV)
IBM 4039 LaserPrinter 10R plus: IBM 4039 LaserPrinter 10R plus (IBMPCL5.DRV)
IBM 4039 LaserPrinter 10R: IBM 4039 LaserPrinter 10R (IBMPCL5.DRV)
IBM 4039 LaserPrinter 12L plus: IBM 4039 LaserPrinter 12L plus (IBMPCL5.DRV)
IBM 4039 LaserPrinter 12L: IBM 4039 LaserPrinter 12L (IBMPCL5.DRV)
IBM 4039 LaserPrinter 12R plus: IBM 4039 LaserPrinter 12R plus (IBMPCL5.DRV)
IBM 4039 LaserPrinter 12R: IBM 4039 LaserPrinter 12R (IBMPCL5.DRV)
IBM 4039 LaserPrinter 16L plus: IBM 4039 LaserPrinter 16L plus (IBMPCL5.DRV)
IBM 4039 LaserPrinter 16L: IBM 4039 LaserPrinter 16L (IBMPCL5.DRV)
IBM 4039 plus: IBM 4039 plus (PSCRIPT.DRV)
IBM 4070 IJ: IBM 4070 IJ (IBM42XX.DRV)
IBM 4072 ExecJet: IBM 4072 ExecJet (IBM42XX.DRV)
IBM 4076 ExecJet II: IBM 4076 ExecJet II (IBMPCL3.DRV)
IBM 4079 Color Jetprinter PS: IBM 4079 Color Jetprinter PS (PSCRIPT.DRV)
IBM 4201 Proprinter II: IBM 4201 Proprinter II (IBM42XX.DRV)
IBM 4201 Proprinter III: IBM 4201 Proprinter III (IBM42XX.DRV)
IBM 4201 Proprinter: IBM 4201 Proprinter (IBM42XX.DRV)
IBM 4202 Proprinter II XL: IBM 4202 Proprinter II XL (IBM42XX.DRV)
IBM 4202 Proprinter III XL: IBM 4202 Proprinter III XL (IBM42XX.DRV)
IBM 4202 Proprinter XL: IBM 4202 Proprinter XL (IBM42XX.DRV)
IBM 4207 Proprinter X24: IBM 4207 Proprinter X24 (IBM42XX.DRV)
IBM 4207 Proprinter X24E: IBM 4207 Proprinter X24E (IBM42XX.DRV)
IBM 4208 Proprinter XL24: IBM 4208 Proprinter XL24 (IBM42XX.DRV)
IBM 4208 Proprinter XL24E: IBM 4208 Proprinter XL24E (IBM42XX.DRV)
IBM 4208-5C2 : IBM 4208-5C2 (OMNI.DRV)
IBM 4216-031 v51_4 SheetFeed: IBM 4216-031 v51_4 SheetFeed (PSCRIPT.DRV)
IBM 4224 - 01 & 02 & E3: IBM 4224 - 01 & 02 & E3 (IBM42XX.DRV)
IBM 4224 - C2: IBM 4224 - C2 (IBM42XX.DRV)
IBM 4226 Model 302: IBM 4226 Model 302 (IBM42XX.DRV)
IBM 5183 Portable Printer: IBM 5183 Portable Printer (OMNI.DRV)
IBM 5202 QuietWriter III: IBM 5202 QuietWriter III (IBM52XX.DRV)
IBM 5204 QuickWriter: IBM 5204 QuickWriter (IBM52XX.DRV)
IBM 5573 : IBM 5573 (OMNI.DRV)
IBM 5575 : IBM 5575 (OMNI.DRV)
IBM 5577 : IBM 5577 (OMNI.DRV)
IBM 5579 : IBM 5579 (OMNI.DRV)
IBM 6180 Plotter: IBM6180 (PLOTTERS.DRV)
IBM 6182 Plotter (Enhanced Mode): IBM6182 (PLOTTERS.DRV)
IBM 6182 Plotter (Standard Mode): IBM6182 Standard (PLOTTERS.DRV)
IBM 6184 Plotter: IBM6184 (PLOTTERS.DRV)
IBM 6186-1 Plotter: IBM6186-1 (PLOTTERS.DRV)
IBM 6186-2 Plotter: IBM6186-2 (PLOTTERS.DRV)
IBM 7371 Plotter: IBM7371 (PLOTTERS.DRV)
IBM 7372 Plotter: IBM7372 (PLOTTERS.DRV)
IBM 7374 Plotter: IBM7374 (PLOTTERS.DRV)
IBM 7375-1 Plotter: IBM7375-1 (PLOTTERS.DRV)
IBM 7375-2 Plotter: IBM7375-2 (PLOTTERS.DRV)
IBM InfoPrint 20 PS: IBM InfoPrint 20 PS (PSCRIPT.DRV)
IBM InfoPrint 20: IBM InfoPrint 20 (LASERJET.DRV)
IBM InfoPrint 21: IBM InfoPrint 21 (LASERJET.DRV)
IBM InfoPrint 32 PS: IBM InfoPrint 32 PS (PSCRIPT.DRV)
IBM InfoPrint 32: IBM InfoPrint 32 (LASERJET.DRV)
IBM InfoPrint 40 PS: IBM InfoPrint 40 PS (PSCRIPT.DRV)
IBM InfoPrint 40: IBM InfoPrint 40 (LASERJET.DRV)
IBM NULL Printer Driver (IBMNULL.DRV)
IBM Network Color Printer: IBM Network Color Printer (PSCRIPT.DRV)
IBM Network Printer 12: IBM Network Printer 12 (LASERJET.DRV)
IBM Network Printer 12: IBM Network Printer 12 (PSCRIPT.DRV)
IBM Network Printer 17: IBM Network Printer 17 (LASERJET.DRV)
IBM Network Printer 17: IBM Network Printer 17 (PSCRIPT.DRV)
IBM Network Printer 24: IBM Network Printer 24 (LASERJET.DRV)
IBM Network Printer 24: IBM Network Printer 24 (PSCRIPT.DRV)
IBM Personal Page Printer II-30: IBM Personal Page Printer II-30 (PSCRIPT.DRV)
IBM Personal Page Printer II-31: IBM Personal Page Printer II-31 (PSCRIPT.DRV)
IBM Personal Pageprinter: IBM Personal Pageprinter (PSCRIPT.DRV)
ITEC ColorImage 2400: ITEC ColorImage 2400 (PSCRIPT.DRV)
ITEC Laserimage 1200: ITEC Laserimage 1200 (PSCRIPT.DRV)
Konica 7050PS International: Konica 7050PS International (PSCRIPT.DRV)
Konica 7050PS US: Konica 7050PS US (PSCRIPT.DRV)
Konica 7728/PS: Konica 7728/PS (PSCRIPT.DRV)
Konica 7728PS International: Konica 7728PS International (PSCRIPT.DRV)
Kyocera F-1000A/F-1000: Kyocera F-1000A/F-1000 (LASERJET.DRV)
Kyocera F-1200S: Kyocera F-1200S (LASERJET.DRV)
Kyocera F-1800A/F-1800: Kyocera F-1800A/F-1800 (LASERJET.DRV)
Kyocera F-2000A/F-2200S: Kyocera F-2000A/F-2200S (LASERJET.DRV)
Kyocera F-3000A/F-3300: Kyocera F-3000A/F-3300 (LASERJET.DRV)
Kyocera F-5000A/F-5000: Kyocera F-5000A/F-5000 (LASERJET.DRV)
Kyocera F-800A/F-800: Kyocera F-800A/F-800 (LASERJET.DRV)
Kyocera F-820: Kyocera F-820 (LASERJET.DRV)
Kyocera FS-1200 (KPDL-2): Kyocera FS-1200 (KPDL-2) (PSCRIPT.DRV)
Kyocera FS-1200: Kyocera FS-1200 (LASERJET.DRV)
Kyocera FS-1500 (KPDL) v48_0: Kyocera FS-1500 (KPDL) v48_0 (PSCRIPT.DRV)
Kyocera FS-1500A (KPDL): Kyocera FS-1500A (KPDL) (PSCRIPT.DRV)
Kyocera FS-1500A/FS-1500: Kyocera FS-1500A/FS-1500 (LASERJET.DRV)
Kyocera FS-1550 (KPDL) v48_0: Kyocera FS-1550 (KPDL) v48_0 (PSCRIPT.DRV)
Kyocera FS-1550+ (KPDL): Kyocera FS-1550+ (KPDL) (PSCRIPT.DRV)
Kyocera FS-1550+: Kyocera FS-1550+ (LASERJET.DRV)
Kyocera FS-1550A (KPDL): Kyocera FS-1550A (KPDL) (PSCRIPT.DRV)
Kyocera FS-1550A/FS-1550: Kyocera FS-1550A/FS-1550 (LASERJET.DRV)
Kyocera FS-1600 (KPDL) v48_0: Kyocera FS-1600 (KPDL) v48_0 (PSCRIPT.DRV)
Kyocera FS-1600+ (KPDL-2): Kyocera FS-1600+ (KPDL-2) (PSCRIPT.DRV)
Kyocera FS-1600+: Kyocera FS-1600+ (LASERJET.DRV)
Kyocera FS-1600A (KPDL): Kyocera FS-1600A (KPDL) (PSCRIPT.DRV)
Kyocera FS-1600A (KPDL-2): Kyocera FS-1600A (KPDL-2) (PSCRIPT.DRV)
Kyocera FS-1600A/FS-1600: Kyocera FS-1600A/FS-1600 (LASERJET.DRV)
Kyocera FS-1700 (KPDL-2): Kyocera FS-1700 (KPDL-2) (PSCRIPT.DRV)
Kyocera FS-1700+ (KPDL-2): Kyocera FS-1700+ (KPDL-2) (PSCRIPT.DRV)
Kyocera FS-1700+: Kyocera FS-1700+ (LASERJET.DRV)
Kyocera FS-1700: Kyocera FS-1700 (LASERJET.DRV)
Kyocera FS-1750 (KPDL-2): Kyocera FS-1750 (KPDL-2) (PSCRIPT.DRV)
Kyocera FS-1750: Kyocera FS-1750 (LASERJET.DRV)
Kyocera FS-3400 (KPDL) v48_0: Kyocera FS-3400 (KPDL) v48_0 (PSCRIPT.DRV)
Kyocera FS-3400+ (KPDL): Kyocera FS-3400+ (KPDL) (PSCRIPT.DRV)
Kyocera FS-3400+: Kyocera FS-3400+ (LASERJET.DRV)
Kyocera FS-3400A (KPDL): Kyocera FS-3400A (KPDL) (PSCRIPT.DRV)
Kyocera FS-3400A/FS-3400: Kyocera FS-3400A/FS-3400 (LASERJET.DRV)
Kyocera FS-3500 (KPDL) v48_0: Kyocera FS-3500 (KPDL) v48_0 (PSCRIPT.DRV)
Kyocera FS-3500A (KPDL): Kyocera FS-3500A (KPDL) (PSCRIPT.DRV)
Kyocera FS-3500A/FS-3500: Kyocera FS-3500A/FS-3500 (LASERJET.DRV)
Kyocera FS-3600 (KPDL): Kyocera FS-3600 (KPDL) (PSCRIPT.DRV)
Kyocera FS-3600+ (KPDL-2): Kyocera FS-3600+ (KPDL-2) (PSCRIPT.DRV)
Kyocera FS-3600+: Kyocera FS-3600+ (LASERJET.DRV)
Kyocera FS-3600A (KPDL): Kyocera FS-3600A (KPDL) (PSCRIPT.DRV)
Kyocera FS-3600A (KPDL-2): Kyocera FS-3600A (KPDL-2) (PSCRIPT.DRV)
Kyocera FS-3600A/FS-3600: Kyocera FS-3600A/FS-3600 (LASERJET.DRV)
Kyocera FS-3700 (KPDL-2): Kyocera FS-3700 (KPDL-2) (PSCRIPT.DRV)
Kyocera FS-3700+ (KPDL-2): Kyocera FS-3700+ (KPDL-2) (PSCRIPT.DRV)
Kyocera FS-3700+: Kyocera FS-3700+ (LASERJET.DRV)
Kyocera FS-3700: Kyocera FS-3700 (LASERJET.DRV)
Kyocera FS-3750 (KPDL-2): Kyocera FS-3750 (KPDL-2) (PSCRIPT.DRV)
Kyocera FS-3750: Kyocera FS-3750 (LASERJET.DRV)
Kyocera FS-400 (KPDL) v48_0: Kyocera FS-400 (KPDL) v48_0 (PSCRIPT.DRV)
Kyocera FS-400A (KPDL): Kyocera FS-400A (KPDL) (PSCRIPT.DRV)
Kyocera FS-400A/FS-400: Kyocera FS-400A/FS-400 (LASERJET.DRV)
Kyocera FS-5500 (KPDL) v48_0: Kyocera FS-5500 (KPDL) v48_0 (PSCRIPT.DRV)
Kyocera FS-5500A (KPDL): Kyocera FS-5500A (KPDL) (PSCRIPT.DRV)
Kyocera FS-5500A/FS-5500: Kyocera FS-5500A/FS-5500 (LASERJET.DRV)
Kyocera FS-5800C (KPDL-2): Kyocera FS-5800C (KPDL-2) (PSCRIPT.DRV)
Kyocera FS-5800C: Kyocera FS-5800C (LASERJET.DRV)
Kyocera FS-5900C (KPDL-2): Kyocera FS-5900C (KPDL-2) (PSCRIPT.DRV)
Kyocera FS-5900C: Kyocera FS-5900C (LASERJET.DRV)
Kyocera FS-600 (KPDL-2): Kyocera FS-600 (KPDL-2) (PSCRIPT.DRV)
Kyocera FS-600: Kyocera FS-600 (LASERJET.DRV)
Kyocera FS-6300 (KPDL-2): Kyocera FS-6300 (KPDL-2) (PSCRIPT.DRV)
Kyocera FS-6300: Kyocera FS-6300 (LASERJET.DRV)
Kyocera FS-6500 (KPDL): Kyocera FS-6500 (KPDL) (PSCRIPT.DRV)
Kyocera FS-6500 (KPDL-2): Kyocera FS-6500 (KPDL-2) (PSCRIPT.DRV)
Kyocera FS-6500+ (KPDL-2): Kyocera FS-6500+ (KPDL-2) (PSCRIPT.DRV)
Kyocera FS-6500/6500+: Kyocera FS-6500/6500+ (LASERJET.DRV)
Kyocera FS-6500A (KPDL): Kyocera FS-6500A (KPDL) (PSCRIPT.DRV)
Kyocera FS-6700 (KPDL-2): Kyocera FS-6700 (KPDL-2) (PSCRIPT.DRV)
Kyocera FS-6700: Kyocera FS-6700 (LASERJET.DRV)
Kyocera FS-680 (KPDL-2): Kyocera FS-680 (KPDL-2) (PSCRIPT.DRV)
Kyocera FS-680: Kyocera FS-680 (LASERJET.DRV)
Kyocera FS-6900 (KPDL-2): Kyocera FS-6900 (KPDL-2) (PSCRIPT.DRV)
Kyocera FS-6900: Kyocera FS-6900 (LASERJET.DRV)
Kyocera FS-7000 (KPDL-2): Kyocera FS-7000 (KPDL-2) (PSCRIPT.DRV)
Kyocera FS-7000+ (KPDL-2): Kyocera FS-7000+ (KPDL-2) (PSCRIPT.DRV)
Kyocera FS-7000+: Kyocera FS-7000+ (LASERJET.DRV)
Kyocera FS-7000: Kyocera FS-7000 (LASERJET.DRV)
Kyocera FS-800 (KPDL-2): Kyocera FS-800 (KPDL-2) (PSCRIPT.DRV)
Kyocera FS-800: Kyocera FS-800 (LASERJET.DRV)
Kyocera FS-850 (KPDL): Kyocera FS-850 (KPDL) (PSCRIPT.DRV)
Kyocera FS-850A (KPDL) v48_0: Kyocera FS-850A (KPDL) v48_0 (PSCRIPT.DRV)
Kyocera FS-850A/FS-850: Kyocera FS-850A/FS-850 (LASERJET.DRV)
Kyocera FS-9000 (KPDL-2): Kyocera FS-9000 (KPDL-2) (PSCRIPT.DRV)
Kyocera FS-9000: Kyocera FS-9000 (LASERJET.DRV)
Kyocera LS 6550: Kyocera LS 6550 (LASERJET.DRV)
Kyocera LS-6550 (KPDL-2): Kyocera LS-6550 (KPDL-2) (PSCRIPT.DRV)
Kyocera P-2000 (KPDL): Kyocera P-2000 (KPDL) (PSCRIPT.DRV)
Kyocera P-2000: Kyocera P-2000 (PSCRIPT.DRV)
Kyocera Q-8010 (KPDL): Kyocera Q-8010 (KPDL) (PSCRIPT.DRV)
Kyocera Q-8010: Kyocera Q-8010 (PSCRIPT.DRV)
Lexmark 1020 Color Jetprinter: Lexmark 1020 Color Jetprinter (IBMPCL3.DRV)
Lexmark 3000 Color Jetprinter: Lexmark 3000 Color Jetprinter (IBMPCL3.DRV)
Lexmark 4039 10 plus: Lexmark 4039 10 plus (IBMPCL5.DRV)
Lexmark 4039 plus: Lexmark 4039 plus (PSCRIPT.DRV)
Lexmark 4226: Lexmark 4226 (IBM42XX.DRV)
Lexmark Color 4079 plus: Lexmark Color 4079 plus (PSCRIPT.DRV)
Lexmark ExecJet IIc: Lexmark 4076 Color (IBMPCL3.DRV)
Lexmark Forms Printer 2380 Plus: Lexmark Forms Printer 2380 Plus (IBM42XX.DRV)
Lexmark Forms Printer 2381 Plus: Lexmark Forms Printer 2381 Plus (IBM42XX.DRV)
Lexmark Forms Printer 2390 Plus: Lexmark Forms Printer 2390 Plus (IBM42XX.DRV)
Lexmark Forms Printer 2391 Plus: Lexmark Forms Printer 2391 Plus (IBM42XX.DRV)
Lexmark Forms Printer 4227: Lexmark Forms Printer 4227 (IBM42XX.DRV)
Lexmark Optra C: Lexmark Optra C (IBMPCL5.DRV)
Lexmark Optra C: Lexmark Optra C (PSCRIPT.DRV)
Lexmark Optra Color 1200: Lexmark Optra Color 1200 (IBMPCL5.DRV)
Lexmark Optra Color 1200: Lexmark Optra Color 1200 (PSCRIPT.DRV)
Lexmark Optra Color 40: Lexmark Optra Color 40 (PSCRIPT.DRV)
Lexmark Optra Color 45: Lexmark Optra Color 45 (PSCRIPT.DRV)
Lexmark Optra E+: Lexmark Optra E+ (IBMPCL5.DRV)
Lexmark Optra E310: Lexmark Optra E310 (IBMPCL5.DRV)
Lexmark Optra E310: Lexmark Optra E310 (PSCRIPT.DRV)
Lexmark Optra E: Lexmark Optra E (IBMPCL5.DRV)
Lexmark Optra Ep: Lexmark Optra Ep (IBMPCL5.DRV)
Lexmark Optra Ep: Lexmark Optra Ep (PSCRIPT.DRV)
Lexmark Optra K 1220: Lexmark Optra K 1220 (IBMPCL5.DRV)
Lexmark Optra K 1220: Lexmark Optra K 1220 (PSCRIPT.DRV)
Lexmark Optra L: Lexmark Optra L (IBMPCL5.DRV)
Lexmark Optra Lx+: Lexmark Optra Lx+ (IBMPCL5.DRV)
Lexmark Optra Lx: Lexmark Optra Lx (IBMPCL5.DRV)
Lexmark Optra Lxi+: Lexmark Optra Lxi+ (IBMPCL5.DRV)
Lexmark Optra Lxi: Lexmark Optra Lxi (IBMPCL5.DRV)
Lexmark Optra M410: Lexmark Optra M410 (IBMPCL5.DRV)
Lexmark Optra M410: Lexmark Optra M410 (PSCRIPT.DRV)
Lexmark Optra N: Lexmark Optra N (IBMPCL5.DRV)
Lexmark Optra N: Lexmark Optra N (PSCRIPT.DRV)
Lexmark Optra R+: Lexmark Optra R+ (IBMPCL5.DRV)
Lexmark Optra R: Lexmark Optra R (IBMPCL5.DRV)
Lexmark Optra Rt+: Lexmark Optra Rt+ (IBMPCL5.DRV)
Lexmark Optra Rt: Lexmark Optra Rt (IBMPCL5.DRV)
Lexmark Optra Rx: Lexmark Optra Rx (IBMPCL5.DRV)
Lexmark Optra S 1250: Lexmark Optra S 1250 (IBMPCL5.DRV)
Lexmark Optra S 1255: Lexmark Optra S 1255 (IBMPCL5.DRV)
Lexmark Optra S 1255: Lexmark Optra S 1255 (PSCRIPT.DRV)
Lexmark Optra S 1620: Lexmark Optra S 1620 (IBMPCL5.DRV)
Lexmark Optra S 1625: Lexmark Optra S 1625 (IBMPCL5.DRV)
Lexmark Optra S 1625: Lexmark Optra S 1625 (PSCRIPT.DRV)
Lexmark Optra S 1650: Lexmark Optra S 1650 (IBMPCL5.DRV)
Lexmark Optra S 1855: Lexmark Optra S 1855 (IBMPCL5.DRV)
Lexmark Optra S 1855: Lexmark Optra S 1855 (PSCRIPT.DRV)
Lexmark Optra S 2420: Lexmark Optra S 2420 (IBMPCL5.DRV)
Lexmark Optra S 2450: Lexmark Optra S 2450 (IBMPCL5.DRV)
Lexmark Optra S 2455: Lexmark Optra S 2455 (IBMPCL5.DRV)
Lexmark Optra S 2455: Lexmark Optra S 2455 (PSCRIPT.DRV)
Lexmark Optra S: Lexmark Optra S (PSCRIPT.DRV)
Lexmark Optra SC 1275: Lexmark Optra SC 1275 (IBMPCL5.DRV)
Lexmark Optra SC 1275: Lexmark Optra SC 1275 (PSCRIPT.DRV)
Lexmark Optra Se 3455: Lexmark Optra Se 3455 (IBMPCL5.DRV)
Lexmark Optra Se 3455: Lexmark Optra Se 3455 (PSCRIPT.DRV)
Lexmark Optra T610: Lexmark Optra T610 (IBMPCL5.DRV)
Lexmark Optra T610: Lexmark Optra T610 (PSCRIPT.DRV)
Lexmark Optra T612: Lexmark Optra T612 (IBMPCL5.DRV)
Lexmark Optra T612: Lexmark Optra T612 (PSCRIPT.DRV)
Lexmark Optra T614: Lexmark Optra T614 (IBMPCL5.DRV)
Lexmark Optra T614: Lexmark Optra T614 (PSCRIPT.DRV)
Lexmark Optra T616: Lexmark Optra T616 (IBMPCL5.DRV)
Lexmark Optra T616: Lexmark Optra T616 (PSCRIPT.DRV)
Lexmark Optra W810: Lexmark Optra W810 (IBMPCL5.DRV)
Lexmark Optra W810: Lexmark Optra W810 (PSCRIPT.DRV)
Lexmark Optra: Lexmark Optra (PSCRIPT.DRV)
Lexmark ValueWriter 300: Lexmark ValueWriter 300 (IBM4019.DRV)
Lexmark ValueWriter 600: Lexmark 4047 5E (IBMPCL5.DRV)
Lexmark WinWriter 150c: Lexmark WinWriter 150c (OMNI.DRV)
Lexmark WinWriter 600: Lexmark WinWriter 600 (LASERJET.DRV)
Linotronic 100 v38_0: Linotronic 100 v38_0 (PSCRIPT.DRV)
Linotronic 100 v42_5: Linotronic 100 v42_5 (PSCRIPT.DRV)
Linotronic 200 v47_1: Linotronic 200 v47_1 (PSCRIPT.DRV)
Linotronic 200 v49_3: Linotronic 200 v49_3 (PSCRIPT.DRV)
Linotronic 300 v47_0: Linotronic 300 v47_0 (PSCRIPT.DRV)
Linotronic 300 v47_1: Linotronic 300 v47_1 (PSCRIPT.DRV)
Linotronic 300 v49_3: Linotronic 300 v49_3 (PSCRIPT.DRV)
Linotronic 500 v49_3: Linotronic 500 v49_3 (PSCRIPT.DRV)
Minolta PageWorks/Pro 18 -PS: Minolta PageWorks/Pro 18 -PS (PSCRIPT.DRV)
Minolta PageWorks/Pro 18: Minolta PageWorks/Pro 18 (LASERJET.DRV)
Minolta PageWorks/Pro 25 -PS: Minolta PageWorks/Pro 25 -PS (PSCRIPT.DRV)
Minolta PageWorks/Pro 25: Minolta PageWorks/Pro 25 (LASERJET.DRV)
NEC Colormate PS/40: NEC Colormate PS/40 (PSCRIPT.DRV)
NEC Colormate PS/80: NEC Colormate PS/80 (PSCRIPT.DRV)
NEC LC-890: NEC LC-890 (PSCRIPT.DRV)
NEC Silentwriter 1097 v2013_109: NEC Silentwriter 1097 v2013_109 (PSCRIPT.DRV)
NEC Silentwriter 660i: NEC Silentwriter 660i (LASERJET.DRV)
NEC Silentwriter 95 v2010_121: NEC Silentwriter 95 v2010_121 (PSCRIPT.DRV)
NEC Silentwriter 95f v2011_111: NEC Silentwriter 95f v2011_111 (PSCRIPT.DRV)
NEC Silentwriter 97 v2011_111: NEC Silentwriter 97 v2011_111 (PSCRIPT.DRV)
NEC Silentwriter S62P v2010_121: NEC Silentwriter S62P v2010_121 (PSCRIPT.DRV)
OKI OL400ex: OKI OL400ex (LASERJET.DRV)
OKI OL410ex: OKI OL410ex (LASERJET.DRV)
OKI OL810ex: OKI OL810ex (LASERJET.DRV)
OKIDATA OL1200: OKIDATA OL1200 (LASERJET.DRV)
OKIDATA OL400e: OKIDATA OL400e (LASERJET.DRV)
OKIDATA OL410e: OKIDATA OL410e (LASERJET.DRV)
OKIDATA OL810e: OKIDATA OL810e (LASERJET.DRV)
OKIPAGE 6e/6ex: OKIPAGE 6e/6ex (LASERJET.DRV)
Oki OL830-PS v52_5: Oki OL830-PS v52_5 (PSCRIPT.DRV)
Oki OL840-PS v51_8: Oki OL840-PS v51_8 (PSCRIPT.DRV)
Oki OL850-PS v52_5: Oki OL850-PS v52_5 (PSCRIPT.DRV)
Oki OL870 v2013_108: Oki OL870 v2013_108 (PSCRIPT.DRV)
Okidata ML-192 9 pin - 80 columns in Epson emulation: Okidata ML-192 (OMNI.DRV)
Okidata ML-193 9 pin - 80 columns in Epson emulation: Okidata ML-193 (OMNI.DRV)
Okidata ML-320 9 pin - 80 columns in Epson emulation: Okidata ML-320 (OMNI.DRV)
Okidata ML-321 9 pin - 132 columns in Epson emulation: Okidata ML-321 (OMNI.DRV)
Okidata ML-3410 9 pin - 136 columns in Epson emulation: Okidata ML-3410 (OMNI.DRV)
Okidata ML-380 24 pin - 136 columns in Epson emulation: Okidata ML-380 (OMNI.DRV)
Okidata ML-390 24 pin - 80 columns in Epson emulation: Okidata ML-390 (OMNI.DRV)
Okidata ML-391 24 pin - 136 columns in Epson emulation: Okidata ML-391 (OMNI.DRV)
Okidata ML-393 24 pin - 136 columns in Epson emulation: Okidata ML-393 (OMNI.DRV)
Okidata ML-393 Color 24 pin - 80 columns in Epson emulation: Okidata ML-393C (OMNI.DRV)
Okidata ML-395 Color 24 pin - 80 columns in Epson emulation: Okidata ML-395C (OMNI.DRV)
Okidata ML-395B 24 pin - 136 columns in Epson emulation: Okidata ML-395B (OMNI.DRV)
Okidata ML-520 9 pin - 80 columns in Epson emulation: Okidata ML-520 (OMNI.DRV)
Okidata ML-521 9 pin - 136 columns in Epson emulation: Okidata ML-521 (OMNI.DRV)
Okidata ML-590 24 pin - 80 columns in Epson emulation: Okidata ML-590 (OMNI.DRV)
Okidata ML-591 24 pin - 136 columns in Epson emulation: Okidata ML-591 (OMNI.DRV)
Olivetti DP N24: Olivetti DP N24 (PSCRIPT.DRV)
Olivetti DP N32: Olivetti DP N32 (PSCRIPT.DRV)
Olivetti DP N40: Olivetti DP N40 (PSCRIPT.DRV)
Olivetti DocuPrint N17: Olivetti DocuPrint N17 (PSCRIPT.DRV)
Olivetti JP 170: Olivetti JP 170 (OMNI.DRV)
Olivetti JP 190: Olivetti JP 190 (OMNI.DRV)
Olivetti JP 350: Olivetti JP 350 (OMNI.DRV)
Olivetti JP 360: Olivetti JP 360 (OMNI.DRV)
Olivetti JP 370: Olivetti JP 370 (OMNI.DRV)
Olivetti JP 450: Olivetti JP 450 (OMNI.DRV)
Olivetti JP 470: Olivetti JP 470 (OMNI.DRV)
Olivetti JP 50: Olivetti JP 50 (OMNI.DRV)
Olivetti JP 70: Olivetti JP 70 (OMNI.DRV)
Olivetti JP 790 Photo kit: Olivetti JP 790 Photo kit (OMNI.DRV)
Olivetti JP 790: Olivetti JP 790 (OMNI.DRV)
Olivetti JP 90: Olivetti JP 90 (OMNI.DRV)
Olivetti LP 5000: Olivetti LP 5000 (PSCRIPT.DRV)
Panasonic KX-P1123 24 pin - 80 columns: Panasonic KX-P1123 (OMNI.DRV)
Panasonic KX-P1124 24 pin - 136 columns: Panasonic KX-P1124 (OMNI.DRV)
Panasonic KX-P1124i 24 pin - 80 columns: Panasonic KX-P1124i (OMNI.DRV)
Panasonic KX-P1150 9 pin - 80 columns: Panasonic KX-P1150 (OMNI.DRV)
Panasonic KX-P1180 9 pin - 80 columns: Panasonic KX-P1180 (OMNI.DRV)
Panasonic KX-P1191 9 pin - 80 columns: Panasonic KX-P1191 (OMNI.DRV)
Panasonic KX-P1624 24 pin - 136 columns: Panasonic KX-P1624 (OMNI.DRV)
Panasonic KX-P1654 24 pin - 136 columns: Panasonic KX-P1654 (OMNI.DRV)
Panasonic KX-P1695 9 pin - 136 columns: Panasonic KX-P1695 (OMNI.DRV)
Panasonic KX-P2023 24 pin - 80 columns: Panasonic KX-P2023 (OMNI.DRV)
Panasonic KX-P2123 24 pin - 80 columns: Panasonic KX-P2123 (OMNI.DRV)
Panasonic KX-P2124 24 pin - 80 columns: Panasonic KX-P2124 (OMNI.DRV)
Panasonic KX-P2130 24 pin - 80 columns: Panasonic KX-P2130 (OMNI.DRV)
Panasonic KX-P2135 24 pin - 80 columns: Panasonic KX-P2135 (OMNI.DRV)
Panasonic KX-P2180 9 pin - 80 columns: Panasonic KX-P2180 (OMNI.DRV)
Panasonic KX-P2624 24 pin - 136 columns: Panasonic KX-P2624 (OMNI.DRV)
Panasonic KX-P3123 24 pin - 80 columns: Panasonic KX-P3123 (OMNI.DRV)
Panasonic KX-P3124 24 pin - 80 columns: Panasonic KX-P3124 (OMNI.DRV)
Panasonic KX-P3624 9 pin - 136 columns: Panasonic KX-P3624 (OMNI.DRV)
Panasonic KX-P4400: Panasonic KX-P4400 (LASERJET.DRV)
Panasonic KX-P4401: Panasonic KX-P4401 (LASERJET.DRV)
Panasonic KX-P4410: Panasonic KX-P4410 (LASERJET.DRV)
Panasonic KX-P4420: Panasonic KX-P4420 (LASERJET.DRV)
Panasonic KX-P4430: Panasonic KX-P4430 (LASERJET.DRV)
Panasonic KX-P4440: Panasonic KX-P4440 (LASERJET.DRV)
Panasonic KX-P4450: Panasonic KX-P4450 (LASERJET.DRV)
Panasonic KX-P4450i: Panasonic KX-P4450i (LASERJET.DRV)
Panasonic KX-P4451: Panasonic KX-P4451 (LASERJET.DRV)
Panasonic KX-P4455 v51_4: Panasonic KX-P4455 v51_4 (PSCRIPT.DRV)
Panasonic KX-P5400 v2013_112: Panasonic KX-P5400 v2013_112 (PSCRIPT.DRV)
Panasonic KX-P5410 39 Font: Panasonic KX-P5410 39 Font (PSCRIPT.DRV)
Phaser Card v1_1: Phaser Card v1_1 (PSCRIPT.DRV)
QMS 1060 Level 2: QMS 1060 Level 2 (PSCRIPT.DRV)
QMS 1660 Level 2: QMS 1660 Level 2 (PSCRIPT.DRV)
QMS 1725 Print System: QMS 1725 Print System (PSCRIPT.DRV)
QMS 2025 Print System: QMS 2025 Print System (PSCRIPT.DRV)
QMS 2060 Print System: QMS 2060 Print System (PSCRIPT.DRV)
QMS 2425 Print System: QMS 2425 Print System (PSCRIPT.DRV)
QMS 2560: QMS 2560 (PSCRIPT.DRV)
QMS 3225 Print System: QMS 3225 Print System (PSCRIPT.DRV)
QMS 3260 Print System: QMS 3260 Print System (PSCRIPT.DRV)
QMS 3825 Print System: QMS 3825 Print System (PSCRIPT.DRV)
QMS 4032 Print System: QMS 4032 Print System (PSCRIPT.DRV)
QMS 4060 Print System: QMS 4060 Print System (PSCRIPT.DRV)
QMS 420 Print System: QMS 420 Print System (PSCRIPT.DRV)
QMS 4525 Print System: QMS 4525 Print System (PSCRIPT.DRV)
QMS 860 Print System: QMS 860 Print System (PSCRIPT.DRV)
QMS 860+ Print System: QMS 860+ Print System (PSCRIPT.DRV)
QMS ColorScript 100 Mod 10: QMS ColorScript 100 Mod 10 (PSCRIPT.DRV)
QMS ColorScript 100 Mod 30: QMS ColorScript 100 Mod 30 (PSCRIPT.DRV)
QMS ColorScript 100 Mod 30si: QMS ColorScript 100 Mod 30si (PSCRIPT.DRV)
QMS ColorScript 100: QMS ColorScript 100 (PSCRIPT.DRV)
QMS ColorScript 210: QMS ColorScript 210 (PSCRIPT.DRV)
QMS ColorScript 230: QMS ColorScript 230 (PSCRIPT.DRV)
QMS ColorScript Laser 1000: QMS ColorScript Laser 1000 (PSCRIPT.DRV)
QMS IS X320T: QMS IS X320T (PSCRIPT.DRV)
QMS magicolor 2 CX: QMS magicolor 2 CX (PSCRIPT.DRV)
QMS magicolor 2+: QMS magicolor 2+ (PSCRIPT.DRV)
QMS magicolor 330: QMS magicolor 330 (PSCRIPT.DRV)
QMS magicolor 6100: QMS magicolor 6100 (PSCRIPT.DRV)
QMS magicolor CX: QMS magicolor CX (PSCRIPT.DRV)
QMS magicolor Laser Printer: QMS magicolor Laser Printer (PSCRIPT.DRV)
QMS magicolor plus Level 2: QMS magicolor plus Level 2 (PSCRIPT.DRV)
QMS-PS 1500: QMS-PS 1500 (PSCRIPT.DRV)
QMS-PS 1700: QMS-PS 1700 (PSCRIPT.DRV)
QMS-PS 2000: QMS-PS 2000 (PSCRIPT.DRV)
QMS-PS 2200: QMS-PS 2200 (PSCRIPT.DRV)
QMS-PS 2210: QMS-PS 2210 (PSCRIPT.DRV)
QMS-PS 2220: QMS-PS 2220 (PSCRIPT.DRV)
QMS-PS 410: QMS-PS 410 (PSCRIPT.DRV)
QMS-PS 800 Plus: QMS-PS 800 Plus (PSCRIPT.DRV)
QMS-PS 800: QMS-PS 800 (PSCRIPT.DRV)
QMS-PS 810 Turbo: QMS-PS 810 Turbo (PSCRIPT.DRV)
QMS-PS 810: QMS-PS 810 (PSCRIPT.DRV)
QMS-PS 815 MR: QMS-PS 815 MR (PSCRIPT.DRV)
QMS-PS 815: QMS-PS 815 (PSCRIPT.DRV)
QMS-PS 820 Turbo: QMS-PS 820 Turbo (PSCRIPT.DRV)
QMS-PS 820: QMS-PS 820 (PSCRIPT.DRV)
QMS-PS 825 MR: QMS-PS 825 MR (PSCRIPT.DRV)
QMS-PS 825: QMS-PS 825 (PSCRIPT.DRV)
Qume ScripTEN: Qume ScripTEN (PSCRIPT.DRV)
Radio Shack JP 1000: Radio Shack JP 1000 (OMNI.DRV)
Radio Shack JP 1100: Radio Shack JP 1100 (OMNI.DRV)
Radio Shack JP 500: Radio Shack JP 500 (OMNI.DRV)
Ricoh Aficio 401E PS: Ricoh Aficio 401E PS (PSCRIPT.DRV)
Ricoh DS5330: Ricoh DS5330 (PSCRIPT.DRV)
Ricoh LP6200 PS PrintView: Ricoh LP6200 PS PrintView (PSCRIPT.DRV)
Ricoh PC Laser 6000-PS: Ricoh PC Laser 6000-PS (PSCRIPT.DRV)
Seiko ColorPoint PS Model 04: Seiko ColorPoint PS Model 04 (PSCRIPT.DRV)
Seiko ColorPoint PS Model 14: Seiko ColorPoint PS Model 14 (PSCRIPT.DRV)
Seiko ColorPoint PSN Model 14: Seiko ColorPoint PSN Model 14 (PSCRIPT.DRV)
Seiko ColorPoint PSN Model 4: Seiko ColorPoint PSN Model 4 (PSCRIPT.DRV)
Seiko ColorPoint2 PSF: Seiko ColorPoint2 PSF (PSCRIPT.DRV)
Seiko Personal ColorPoint PS: Seiko Personal ColorPoint PS (PSCRIPT.DRV)
Seiko Personal ColorPoint PSE: Seiko Personal ColorPoint PSE (PSCRIPT.DRV)
Seiko Prof_ ColorPoint PSH: Seiko Prof_ ColorPoint PSH (PSCRIPT.DRV)
Seiko Prsnl ColorPoint PS v241: Seiko Prsnl ColorPoint PS v241 (PSCRIPT.DRV)
Seiko Smart Label Printer Plus: Seiko Smart Label Plus (OMNI.DRV)
Seiko Smart Label Printer Pro: Seiko Smart Label Pro (OMNI.DRV)
Silentwriter LC 890XL v50_5: Silentwriter LC 890XL v50_5 (PSCRIPT.DRV)
Silentwriter2 290 v52_0: Silentwriter2 290 v52_0 (PSCRIPT.DRV)
Silentwriter2 Model 90 v52_2: Silentwriter2 Model 90 v52_2 (PSCRIPT.DRV)
Star LS-5 EX: Star LS-5 EX (LASERJET.DRV)
Star LS-5: Star LS-5 (LASERJET.DRV)
Star LS-5TT: Star LS-5TT (LASERJET.DRV)
Star LS5 TT: Star LS5 TT (PSCRIPT.DRV)
Star NX-1001 9 pin - 80 columns: Star NX-1001 (OMNI.DRV)
Star NX-1040R 9 pin - 80 columns: Star NX-1040R (OMNI.DRV)
Star NX-1500 9 pin - 136 columns: Star NX-1500 (OMNI.DRV)
Star NX-2415 24 pin - 136 columns: Star NX-2415 (OMNI.DRV)
Star NX-2420R 24 pin - 136 columns: Star NX-2420R (OMNI.DRV)
Star NX-2430 24 pin - 80 columns: Star NX-2430 (OMNI.DRV)
Star Starjet SJ-144 24 pin - 80 columns: Starjet SJ-144 (OMNI.DRV)
Star Starjet SJ-48 48 pin - 80 columns: Starjet SJ-48 (OMNI.DRV)
Star XB-2420 24 pin - 80 columns: Star XB-2420 (OMNI.DRV)
Star XB-2425 24 pin - 136 columns: Star XB-2425 (OMNI.DRV)
Star XR-1020 9 pin - 80 columns: Star XR-1020 (OMNI.DRV)
Star XR-1520 9 pin - 136 columns: Star XR-1520 (OMNI.DRV)
TI 2115 (13 fonts) v47_0: TI 2115 (13 fonts) v47_0 (PSCRIPT.DRV)
TI 2115 35 fonts v47_0: TI 2115 35 fonts v47_0 (PSCRIPT.DRV)
TI MicroWriter: TI MicroWriter (LASERJET.DRV)
TI OmniLaser 2108: TI OmniLaser 2108 (PSCRIPT.DRV)
TI Omnilaser 2115: TI Omnilaser 2115 (PSCRIPT.DRV)
TI microLaser PS17 v_52_1: TI microLaser PS17 v_52_1 (PSCRIPT.DRV)
TI microLaser PS35 v_52_1: TI microLaser PS35 v_52_1 (PSCRIPT.DRV)
TI microLaser PowerPro: TI microLaser PowerPro (PSCRIPT.DRV)
TI microLaser Pro 300: TI microLaser Pro 300 (PSCRIPT.DRV)
TI microLaser Pro 600 L2 PS: TI microLaser Pro 600 L2 PS (PSCRIPT.DRV)
TI microLaser Pro E: TI microLaser Pro E (PSCRIPT.DRV)
TI microLaser XL PS17 v_52_1: TI microLaser XL PS17 v_52_1 (PSCRIPT.DRV)
TI microLaser XL PS35 v_52_1: TI microLaser XL PS35 v_52_1 (PSCRIPT.DRV)
TI microLaser16 Turbo v2010_119: TI microLaser16 Turbo v2010_119 (PSCRIPT.DRV)
TI microLaser6 Turbo v2010_119: TI microLaser6 Turbo v2010_119 (PSCRIPT.DRV)
TI microLaser9 Turbo v2010_119: TI microLaser9 Turbo v2010_119 (PSCRIPT.DRV)
TI microMarc Color: TI microMarc Color (OMNI.DRV)
TI microWriter PS v_52_1: TI microWriter PS v_52_1 (PSCRIPT.DRV)
TIFF Monochrome: TIFF Monochrome (OMNI.DRV)
Tektronix Phaser 140: Tektronix Phaser 140 (PSCRIPT.DRV)
Tektronix Phaser 200J: Tektronix Phaser 200J (PSCRIPT.DRV)
Tektronix Phaser 200e 17 fonts: Tektronix Phaser 200e 17 fonts (PSCRIPT.DRV)
Tektronix Phaser 200e 39 fonts: Tektronix Phaser 200e 39 fonts (PSCRIPT.DRV)
Tektronix Phaser 200i v2011_108: Tektronix Phaser 200i v2011_108 (PSCRIPT.DRV)
Tektronix Phaser 220J: Tektronix Phaser 220J (PSCRIPT.DRV)
Tektronix Phaser 220e 17: Tektronix Phaser 220e 17 (PSCRIPT.DRV)
Tektronix Phaser 220e 39: Tektronix Phaser 220e 39 (PSCRIPT.DRV)
Tektronix Phaser 220i: Tektronix Phaser 220i (PSCRIPT.DRV)
Tektronix Phaser 240 17: Tektronix Phaser 240 17 (PSCRIPT.DRV)
Tektronix Phaser 240 39: Tektronix Phaser 240 39 (PSCRIPT.DRV)
Tektronix Phaser 300J v2013_113: Tektronix Phaser 300J v2013_113 (PSCRIPT.DRV)
Tektronix Phaser 300X: Tektronix Phaser 300X (PSCRIPT.DRV)
Tektronix Phaser 300i v2013_113: Tektronix Phaser 300i v2013_113 (PSCRIPT.DRV)
Tektronix Phaser 340 600 dpi: Tektronix Phaser 340 600 dpi (PSCRIPT.DRV)
Tektronix Phaser 340: Tektronix Phaser 340 (PSCRIPT.DRV)
Tektronix Phaser 350 600x300: Tektronix Phaser 350 600x300 (PSCRIPT.DRV)
Tektronix Phaser 350: Tektronix Phaser 350 (PSCRIPT.DRV)
Tektronix Phaser 360 Extended: Tektronix Phaser 360 Extended (PSCRIPT.DRV)
Tektronix Phaser 380 Extended: Tektronix Phaser 380 Extended (PSCRIPT.DRV)
Tektronix Phaser 380: Tektronix Phaser 380 (PSCRIPT.DRV)
Tektronix Phaser 440: Tektronix Phaser 440 (PSCRIPT.DRV)
Tektronix Phaser 450 Extended: Tektronix Phaser 450 Extended (PSCRIPT.DRV)
Tektronix Phaser 450: Tektronix Phaser 450 (PSCRIPT.DRV)
Tektronix Phaser 480: Tektronix Phaser 480 (PSCRIPT.DRV)
Tektronix Phaser 480J: Tektronix Phaser 480J (PSCRIPT.DRV)
Tektronix Phaser 480X: Tektronix Phaser 480X (PSCRIPT.DRV)
Tektronix Phaser 540 Plus: Tektronix Phaser 540 Plus (PSCRIPT.DRV)
Tektronix Phaser 540: Tektronix Phaser 540 (PSCRIPT.DRV)
Tektronix Phaser 550 1200 dpi: Tektronix Phaser 550 1200 dpi (PSCRIPT.DRV)
Tektronix Phaser 550: Tektronix Phaser 550 (PSCRIPT.DRV)
Tektronix Phaser 560 Extended: Tektronix Phaser 560 Extended (PSCRIPT.DRV)
Tektronix Phaser 560: Tektronix Phaser 560 (PSCRIPT.DRV)
Tektronix Phaser 600 Extended: Tektronix Phaser 600 Extended (PSCRIPT.DRV)
Tektronix Phaser 600: Tektronix Phaser 600 (PSCRIPT.DRV)
Tektronix Phaser 740 Extended: Tektronix Phaser 740 Extended (PSCRIPT.DRV)
Tektronix Phaser 740 Plus: Tektronix Phaser 740 Plus (PSCRIPT.DRV)
Tektronix Phaser 740: Tektronix Phaser 740 (PSCRIPT.DRV)
Tektronix Phaser 780 Graphics: Tektronix Phaser 780 Graphics (PSCRIPT.DRV)
Tektronix Phaser 780 Plus: Tektronix Phaser 780 Plus (PSCRIPT.DRV)
Tektronix Phaser 780: Tektronix Phaser 780 (PSCRIPT.DRV)
Tektronix Phaser 840 Extended: Tektronix Phaser 840 Extended (PSCRIPT.DRV)
Tektronix Phaser 840 Plus: Tektronix Phaser 840 Plus (PSCRIPT.DRV)
Tektronix Phaser 840: Tektronix Phaser 840 (PSCRIPT.DRV)
Tektronix Phaser 850DP: Tektronix Phaser 850DP (PSCRIPT.DRV)
Tektronix Phaser 850DX: Tektronix Phaser 850DX (PSCRIPT.DRV)
Tektronix Phaser 850N: Tektronix Phaser 850N (PSCRIPT.DRV)
Tektronix Phaser II PX v2_02: Tektronix Phaser II PX v2_02 (PSCRIPT.DRV)
Tektronix Phaser II PXe 17 font: Tektronix Phaser II PXe 17 font (PSCRIPT.DRV)
Tektronix Phaser II PXe 39 font: Tektronix Phaser II PXe 39 font (PSCRIPT.DRV)
Tektronix Phaser II PXi v2010: Tektronix Phaser II PXi v2010 (PSCRIPT.DRV)
Tektronix Phaser II PXiJ: Tektronix Phaser II PXiJ (PSCRIPT.DRV)
Tektronix Phaser III PXi v2010: Tektronix Phaser III PXi v2010 (PSCRIPT.DRV)
Tektronix Phaser III PXiJ: Tektronix Phaser III PXiJ (PSCRIPT.DRV)
Tektronix Phaser IISD v2011: Tektronix Phaser IISD v2011 (PSCRIPT.DRV)
Tektronix Phaser IISDJ: Tektronix Phaser IISDJ (PSCRIPT.DRV)
Tektronix Phaser IISDX: Tektronix Phaser IISDX (PSCRIPT.DRV)
Tektronix Phaser PX: Tektronix Phaser PX (PSCRIPT.DRV)
Tektronix Phaser PXi: Tektronix Phaser PXi (PSCRIPT.DRV)
Varityper VT-600: Varityper VT-600 (PSCRIPT.DRV)
Wang LCS15 FontPlus: Wang LCS15 FontPlus (PSCRIPT.DRV)
Wang LCS15: Wang LCS15 (PSCRIPT.DRV)
XEROX 4215/MRP V1: XEROX 4215/MRP V1 (PSCRIPT.DRV)
XEROX 4219/MRP V1: XEROX 4219/MRP V1 (PSCRIPT.DRV)
XPrint 4920/4925 PostScript: XPrint 4920/4925 PostScript (PSCRIPT.DRV)
Xante Accel-a-Graphix CT4: Xante Accel-a-Graphix CT4 (PSCRIPT.DRV)
Xante Accel-a-Writer 812: Xante Accel-a-Writer 812 (PSCRIPT.DRV)
Xante Accel-a-Writer 8200: Xante Accel-a-Writer 8200 (PSCRIPT.DRV)
Xante Accel-a-Writer 8300: Xante Accel-a-Writer 8300 (PSCRIPT.DRV)
Xante LaserPress 1200: Xante LaserPress 1200 (PSCRIPT.DRV)
Xante LaserPress 1800: Xante LaserPress 1800 (PSCRIPT.DRV)
Xante PlateMaker II: Xante PlateMaker II (PSCRIPT.DRV)
Xerox 4003/4004: Xerox 4003/4004 (OMNI.DRV)
Xerox 4220 LPS v2013_112: Xerox 4220 LPS v2013_112 (PSCRIPT.DRV)
Xerox 4220/MRP: Xerox 4220/MRP (LASERJET.DRV)
Xerox 4230/MRP: Xerox 4230/MRP (LASERJET.DRV)
Xerox 4505/4510 PS v2013_109: Xerox 4505/4510 PS v2013_109 (PSCRIPT.DRV)
Xerox 4505/4510: Xerox 4505/4510 (LASERJET.DRV)
Xerox 4517 PostScript Level 2: Xerox 4517 PostScript Level 2 (PSCRIPT.DRV)
Xerox 4520 PS v2013_109: Xerox 4520 PS v2013_109 (PSCRIPT.DRV)
Xerox 4520: Xerox 4520 (LASERJET.DRV)
Xerox 4900 PostScript: Xerox 4900 PostScript (PSCRIPT.DRV)
Xerox 4915 PostScript: Xerox 4915 PostScript (PSCRIPT.DRV)
Xerox DC 220/230: Xerox DC 220/230 (LASERJET.DRV)
Xerox Doc Centre 220/230 PS2: Xerox Doc Centre 220/230 PS2 (PSCRIPT.DRV)
Xerox DocuPrint 4508: Xerox DocuPrint 4508 (LASERJET.DRV)
Xerox DocuPrint 4512: Xerox DocuPrint 4512 (LASERJET.DRV)
Xerox DocuPrint 4517: Xerox DocuPrint 4517 (LASERJET.DRV)
Xerox DocuPrint C55 PS: Xerox DocuPrint C55 PS (PSCRIPT.DRV)
Xerox DocuPrint N17 PS2: Xerox DocuPrint N17 PS2 (PSCRIPT.DRV)
Xerox DocuPrint N2025 PS: Xerox DocuPrint N2025 PS (PSCRIPT.DRV)
Xerox DocuPrint N2125 PS: Xerox DocuPrint N2125 PS (PSCRIPT.DRV)
Xerox DocuPrint N24/N32: Xerox DocuPrint N24/N32 (PSCRIPT.DRV)
Xerox DocuPrint N2825 PS: Xerox DocuPrint N2825 PS (PSCRIPT.DRV)
Xerox DocuPrint N3225 PS: Xerox DocuPrint N3225 PS (PSCRIPT.DRV)
Xerox DocuPrint N4025 PS: Xerox DocuPrint N4025 PS (PSCRIPT.DRV)
Xerox DocuPrint NC60 PS2: Xerox DocuPrint NC60 PS2 (PSCRIPT.DRV)
Xerox DocuPrint P1202 PS: Xerox DocuPrint P1202 PS (PSCRIPT.DRV)
Xerox DocuPrint P1202: Xerox DocuPrint P1202 (LASERJET.DRV)
Xerox DocuPrint P8e: Xerox DocuPrint P8e (LASERJET.DRV)
Xerox DocuPrint P8ex: Xerox DocuPrint P8ex (LASERJET.DRV)
Xerox Docuprint 4232: Xerox Docuprint 4232 (LASERJET.DRV)
Xerox Wide Plotter 2230ij: Xerox 2230ij (PLOTTERS.DRV)
Xerox Wide Plotter 2240ij: Xerox 2240ij (PLOTTERS.DRV)
Xerox Wide Plotter 8830: Xerox 8830 (PLOTTERS.DRV)
